---
source: tests/and.rs
expression: predicate

---
{
  "op": "and",
  "path": null,
  "apply": []
}
