---
source: tests/contains.rs
expression: predicate

---
{
  "op": "contains",
  "path": "/stringABC",
  "value": "AB"
}
