---
source: tests/defined.rs
expression: predicate

---
{
  "op": "defined",
  "path": "/stringABC"
}
