---
source: tests/end.rs
expression: predicate

---
{
  "op": "end",
  "path": "/stringABC",
  "value": "AB"
}
