---
source: tests/less.rs
expression: predicate

---
{
  "op": "less",
  "path": "/stringABC",
  "value": 12
}
