---
source: tests/matches.rs
expression: predicate

---
{
  "op": "matches",
  "path": "/stringABC",
  "value": ".*"
}
