---
source: tests/not.rs
expression: predicate

---
{
  "op": "not",
  "path": null,
  "apply": []
}
