---
source: tests/or.rs
expression: predicate

---
{
  "op": "or",
  "path": null,
  "apply": []
}
