---
source: tests/in.rs
expression: predicate

---
{
  "op": "in",
  "path": "/stringABC",
  "value": [
    "AB"
  ]
}
