---
source: tests/type.rs
expression: predicate

---
{
  "op": "type",
  "path": "/stringABC",
  "value": "string"
}
