---
source: tests/start.rs
expression: predicate

---
{
  "op": "start",
  "path": "/stringABC",
  "value": "AB"
}
