---
source: tests/test.rs
expression: predicate

---
{
  "op": "test",
  "path": "/stringABC",
  "value": "ABC"
}
