---
source: tests/undefined.rs
expression: predicate

---
{
  "op": "undefined",
  "path": "/stringABC"
}
